Archive member included to satisfy reference by file (symbol)

c:/program files/microchip/xc8/v3.10/avr/bin/../lib/gcc/avr/5.4.0/avrxmega3\libgcc.a(_mulsi3.o)
                              build/default/debug/TCA.o (__mulsi3)
c:/program files/microchip/xc8/v3.10/avr/bin/../lib/gcc/avr/5.4.0/avrxmega3\libgcc.a(_udivmodsi4.o)
                              build/default/debug/RTC.o (__udivmodsi4)
c:/program files/microchip/xc8/v3.10/avr/bin/../lib/gcc/avr/5.4.0/avrxmega3\libgcc.a(_copy_data.o)
                              build/default/debug/stepper.o (__do_copy_data)
c:/program files/microchip/xc8/v3.10/avr/bin/../lib/gcc/avr/5.4.0/avrxmega3\libgcc.a(_umulhisi3.o)
                              build/default/debug/mt6701.o (__umulhisi3)
c:/program files/microchip/xc8/v3.10/avr/bin/../lib/gcc/avr/5.4.0/avrxmega3\libgcc.a(_muluhisi3.o)
                              c:/program files/microchip/xc8/v3.10/avr/bin/../lib/gcc/avr/5.4.0/avrxmega3\libgcc.a(_mulsi3.o) (__muluhisi3)
c:/program files/microchip/xc8/v3.10/avr/bin/../lib/gcc/avr/5.4.0/../../../../avr/lib/avrxmega3\libc.a(exit.o)
                              C:/Program Files/Microchip/MPLABX/v6.30/packs/Microchip/ATtiny_DFP/3.3.272/xc8/avr/lib/avrxmega3/crtattiny1624.o (exit)
c:/program files/microchip/xc8/v3.10/avr/bin/../lib/gcc/avr/5.4.0/../../../../avr/lib/avrxmega3\libc.a(vsnprintf.o)
                              build/default/debug/USART.o (vsnprintf)
c:/program files/microchip/xc8/v3.10/avr/bin/../lib/gcc/avr/5.4.0/../../../../avr/lib/avrxmega3\libc.a(vfprintf.o)
                              c:/program files/microchip/xc8/v3.10/avr/bin/../lib/gcc/avr/5.4.0/../../../../avr/lib/avrxmega3\libc.a(vsnprintf.o) (vfprintf)
c:/program files/microchip/xc8/v3.10/avr/bin/../lib/gcc/avr/5.4.0/../../../../avr/lib/avrxmega3\libc.a(strncmp.o)
                              build/default/debug/HM-10.o (strncmp)
c:/program files/microchip/xc8/v3.10/avr/bin/../lib/gcc/avr/5.4.0/../../../../avr/lib/avrxmega3\libc.a(errno.o)
                              c:/program files/microchip/xc8/v3.10/avr/bin/../lib/gcc/avr/5.4.0/../../../../avr/lib/avrxmega3\libc.a(vsnprintf.o) (__errno_val)
c:/program files/microchip/xc8/v3.10/avr/bin/../lib/gcc/avr/5.4.0/../../../../avr/lib/avrxmega3\libc.a(_Exit.o)
                              c:/program files/microchip/xc8/v3.10/avr/bin/../lib/gcc/avr/5.4.0/../../../../avr/lib/avrxmega3\libc.a(exit.o) (_Exit)
c:/program files/microchip/xc8/v3.10/avr/bin/../lib/gcc/avr/5.4.0/../../../../avr/lib/avrxmega3\libc.a(__io_fmt_needed.o)
                              c:/program files/microchip/xc8/v3.10/avr/bin/../lib/gcc/avr/5.4.0/../../../../avr/lib/avrxmega3\libc.a(vfprintf.o) (__io_fmt_needed)
c:/program files/microchip/xc8/v3.10/avr/bin/../lib/gcc/avr/5.4.0/../../../../avr/lib/avrxmega3\libc.a(__pop_int.o)
                              c:/program files/microchip/xc8/v3.10/avr/bin/../lib/gcc/avr/5.4.0/../../../../avr/lib/avrxmega3\libc.a(__io_fmt_needed.o) (__pop_int_needed)
c:/program files/microchip/xc8/v3.10/avr/bin/../lib/gcc/avr/5.4.0/../../../../avr/lib/avrxmega3\libc.a(__pop_ptr.o)
                              c:/program files/microchip/xc8/v3.10/avr/bin/../lib/gcc/avr/5.4.0/../../../../avr/lib/avrxmega3\libc.a(__io_fmt_needed.o) (__pop_ptr_needed)
c:/program files/microchip/xc8/v3.10/avr/bin/../lib/gcc/avr/5.4.0/../../../../avr/lib/avrxmega3\libc.a(__printf_core.o)
                              c:/program files/microchip/xc8/v3.10/avr/bin/../lib/gcc/avr/5.4.0/../../../../avr/lib/avrxmega3\libc.a(vfprintf.o) (__printf_core)
c:/program files/microchip/xc8/v3.10/avr/bin/../lib/gcc/avr/5.4.0/../../../../avr/lib/avrxmega3\libc.a(fputc.o)
                              c:/program files/microchip/xc8/v3.10/avr/bin/../lib/gcc/avr/5.4.0/../../../../avr/lib/avrxmega3\libc.a(__printf_core.o) (fputc)
c:/program files/microchip/xc8/v3.10/avr/bin/../lib/gcc/avr/5.4.0/../../../../avr/lib/avrxmega3\libc.a(__fmt_a.o)
                              c:/program files/microchip/xc8/v3.10/avr/bin/../lib/gcc/avr/5.4.0/../../../../avr/lib/avrxmega3\libc.a(__io_fmt_needed.o) (__fmt_a_needed)
c:/program files/microchip/xc8/v3.10/avr/bin/../lib/gcc/avr/5.4.0/../../../../avr/lib/avrxmega3\libc.a(__pop_float.o)
                              c:/program files/microchip/xc8/v3.10/avr/bin/../lib/gcc/avr/5.4.0/../../../../avr/lib/avrxmega3\libc.a(__io_fmt_needed.o) (__pop_float_needed)
c:/program files/microchip/xc8/v3.10/avr/bin/../lib/gcc/avr/5.4.0/../../../../avr/lib/avrxmega3\libc.a(memset.o)
                              c:/program files/microchip/xc8/v3.10/avr/bin/../lib/gcc/avr/5.4.0/../../../../avr/lib/avrxmega3\libc.a(__fmt_a.o) (memset)
c:/program files/microchip/xc8/v3.10/avr/bin/../lib/gcc/avr/5.4.0/../../../../avr/lib/avrxmega3\libc.a(strcpy.o)
                              c:/program files/microchip/xc8/v3.10/avr/bin/../lib/gcc/avr/5.4.0/../../../../avr/lib/avrxmega3\libc.a(__fmt_a.o) (strcpy)
[...]
Memory Configuration

Name             Origin             Length             Attributes
text             0x0000000000000000 0x0000000000004000 xr
data             0x0000000000803800 0x0000000000000800 rw !x
eeprom           0x0000000000810000 0x0000000000000100 rw !x
fuse             0x0000000000820000 0x000000000000000a rw !x
lock             0x0000000000830000 0x0000000000000400 rw !x
signature        0x0000000000840000 0x0000000000000400 rw !x
user_signatures  0x0000000000850000 0x0000000000000400 rw !x
bootrow          0x0000000000860000 0x0000000000000400 rw !x
*default*        0x0000000000000000 0xffffffffffffffff

Linker script and memory map

Address of section .data set to 0x803800
                0x0000000000008000                __RODATA_PM_OFFSET__ = 0x8000
LOAD C:/Program Files/Microchip/MPLABX/v6.30/packs/Microchip/ATtiny_DFP/3.3.272/xc8/avr/lib/avrxmega3/crtattiny1624.o
                0x0000000000000001                __MPLAB_BUILD = 0x1
LOAD build/default/debug/main.o
LOAD build/default/debug/GPIO.o
LOAD build/default/debug/stepper.o
LOAD build/default/debug/RTC.o
LOAD build/default/debug/ADC.o
LOAD build/default/debug/CLK.o
LOAD build/default/debug/LM35.o
LOAD build/default/debug/mt6701.o
LOAD build/default/debug/USART.o
LOAD build/default/debug/HM-10.o
LOAD build/default/debug/CRC.o
LOAD build/default/debug/WORK.o
LOAD build/default/debug/TCA.o
START GROUP
LOAD c:/program files/microchip/xc8/v3.10/avr/bin/../lib/gcc/avr/5.4.0/../../../../avr/lib/avrxmega3\libm.a
END GROUP
                0x0000000000000001                __MPLAB_DEBUG = 0x1
                0x0000000000000001                __DEBUG = 0x1
START GROUP
LOAD c:/program files/microchip/xc8/v3.10/avr/bin/../lib/gcc/avr/5.4.0/avrxmega3\libgcc.a
LOAD c:/program files/microchip/xc8/v3.10/avr/bin/../lib/gcc/avr/5.4.0/../../../../avr/lib/avrxmega3\libm.a
LOAD c:/program files/microchip/xc8/v3.10/avr/bin/../lib/gcc/avr/5.4.0/../../../../avr/lib/avrxmega3\libc.a
LOAD C:/Program Files/Microchip/MPLABX/v6.30/packs/Microchip/ATtiny_DFP/3.3.272/xc8/avr/lib/avrxmega3\libattiny1624.a
END GROUP
                [0x0000000000000000]                __TEXT_REGION_ORIGIN__ = DEFINED (__TEXT_REGION_ORIGIN__)?__TEXT_REGION_ORIGIN__:0x0
                [0x0000000000803800]                __DATA_REGION_ORIGIN__ = DEFINED (__DATA_REGION_ORIGIN__)?__DATA_REGION_ORIGIN__:0x802000
                [0x0000000000004000]                __TEXT_REGION_LENGTH__ = DEFINED (__TEXT_REGION_LENGTH__)?__TEXT_REGION_LENGTH__:0x100000
                [0x0000000000000800]                __DATA_REGION_LENGTH__ = DEFINED (__DATA_REGION_LENGTH__)?__DATA_REGION_LENGTH__:0xffa0
                [0x0000000000000100]                __EEPROM_REGION_LENGTH__ = DEFINED (__EEPROM_REGION_LENGTH__)?__EEPROM_REGION_LENGTH__:0x10000
                [0x000000000000000a]                __FUSE_REGION_LENGTH__ = DEFINED (__FUSE_REGION_LENGTH__)?__FUSE_REGION_LENGTH__:0x400
                0x0000000000000400                __LOCK_REGION_LENGTH__ = DEFINED (__LOCK_REGION_LENGTH__)?__LOCK_REGION_LENGTH__:0x400
                0x0000000000000400                __SIGNATURE_REGION_LENGTH__ = DEFINED (__SIGNATURE_REGION_LENGTH__)?__SIGNATURE_REGION_LENGTH__:0x400
                0x0000000000000400                __USER_SIGNATURE_REGION_LENGTH__ = DEFINED (__USER_SIGNATURE_REGION_LENGTH__)?__USER_SIGNATURE_REGION_LENGTH__:0x400
                0x0000000000008000                __RODATA_PM_OFFSET__ = DEFINED (__RODATA_PM_OFFSET__)?__RODATA_PM_OFFSET__:0x8000
                0x0000000000000400                __BOOTROW_REGION_LENGTH__ = DEFINED (__BOOTROW_REGION_LENGTH__)?__BOOTROW_REGION_LENGTH__:0x400

.hash
 *(.hash)

.dynsym
 *(.dynsym)

.dynstr
 *(.dynstr)

.gnu.version
 *(.gnu.version)

.gnu.version_d
 *(.gnu.version_d)

.gnu.version_r
 *(.gnu.version_r)

.rel.init
 *(.rel.init)

.rela.init
 *(.rela.init)

.rel.text
 *(.rel.text)
 *(.rel.text.*)
 *(.rel.gnu.linkonce.t*)

.rela.text
 *(.rela.text)
 *(.rela.text.*)
 *(.rela.gnu.linkonce.t*)

.rel.fini
 *(.rel.fini)

.rela.fini
 *(.rela.fini)

.rel.rodata
 *(.rel.rodata)
 *(.rel.rodata.*)
 *(.rel.gnu.linkonce.r*)

.rela.rodata
 *(.rela.rodata)
 *(.rela.rodata.*)
 *(.rela.gnu.linkonce.r*)

.rel.data
 *(.rel.data)
 *(.rel.data.*)
 *(.rel.gnu.linkonce.d*)

.rela.data
 *(.rela.data)
 *(.rela.data.*)
 *(.rela.gnu.linkonce.d*)

.rel.ctors
 *(.rel.ctors)

.rela.ctors
 *(.rela.ctors)

.rel.dtors
 *(.rel.dtors)

.rela.dtors
 *(.rela.dtors)

.rel.got
 *(.rel.got)

.rela.got
 *(.rela.got)

.rel.bss
 *(.rel.bss)

.rela.bss
 *(.rela.bss)

.rel.plt
 *(.rel.plt)

.rela.plt
 *(.rela.plt)

.text           0x0000000000000000       0xde
 *(.vectors)
 .vectors       0x0000000000000000       0x78 C:/Program Files/Microchip/MPLABX/v6.30/packs/Microchip/ATtiny_DFP/3.3.272/xc8/avr/lib/avrxmega3/crtattiny1624.o
                0x0000000000000000                __vector_default
                0x0000000000000000                __vectors
 *(.vectors)
 *(.progmem.gcc*)
 *(.dinit)
 .dinit         0x0000000000000078       0x11 data_init
                0x000000000000008a                . = ALIGN (0x2)
 *fill*         0x0000000000000089        0x1 
                0x000000000000008a                __trampolines_start = .
 *(.trampolines)
 .trampolines   0x000000000000008a        0x0 linker stubs
 *(.trampolines*)
                0x000000000000008a                __trampolines_end = .
 *libprintf_flt.a:*(.progmem.data)
 *libc.a:*(.progmem.data)
                0x000000000000008a                . = ALIGN (0x2)
 *(.jumptables)
 *(.jumptables*)
 *(.lowtext)
 *(.lowtext*)
                0x000000000000008a                __ctors_start = .
 *(.ctors)
                0x000000000000008a                __ctors_end = .
                0x000000000000008a                __dtors_start = .
 *(.dtors)
                0x000000000000008a                __dtors_end = .
 SORT(*)(.ctors)
 SORT(*)(.dtors)
 *(.init0)
 .init0         0x000000000000008a        0x0 C:/Program Files/Microchip/MPLABX/v6.30/packs/Microchip/ATtiny_DFP/3.3.272/xc8/avr/lib/avrxmega3/crtattiny1624.o
                0x000000000000008a                __init
 *(.init0)
 *(.init1)
 *(.init1)
 *(.init2)
 .init2         0x000000000000008a        0xc C:/Program Files/Microchip/MPLABX/v6.30/packs/Microchip/ATtiny_DFP/3.3.272/xc8/avr/lib/avrxmega3/crtattiny1624.o
 *(.init2)
 *(.init3)
 *(.init3)
 *(.init4)
 .init4         0x0000000000000096       0x3c c:/program files/microchip/xc8/v3.10/avr/bin/../lib/gcc/avr/5.4.0/avrxmega3\libgcc.a(_copy_data.o)
                0x0000000000000096                __do_copy_data
                0x00000000000000c4                __do_clear_bss
 *(.init4)
 *(.init5)
 *(.init5)
 *(.init6)
 *(.init6)
 *(.init7)
 *(.init7)
 *(.init8)
 *(.init8)
 *(.init9)
 .init9         0x00000000000000d2        0x8 C:/Program Files/Microchip/MPLABX/v6.30/packs/Microchip/ATtiny_DFP/3.3.272/xc8/avr/lib/avrxmega3/crtattiny1624.o
 *(.init9)
                0x00000000000000da                . = ALIGN (0x2)
 *(.fini9)
 .fini9         0x00000000000000da        0x0 c:/program files/microchip/xc8/v3.10/avr/bin/../lib/gcc/avr/5.4.0/avrxmega3\libgcc.a(_exit.o)
                0x00000000000000da                _exit
 *(.fini9)
 *(.fini8)
 *(.fini8)
 *(.fini7)
 *(.fini7)
 *(.fini6)
 *(.fini6)
 *(.fini5)
 *(.fini5)
 *(.fini4)
 *(.fini4)
 *(.fini3)
 *(.fini3)
 *(.fini2)
 *(.fini2)
 *(.fini1)
 *(.fini1)
 *(.fini0)
 .fini0         0x00000000000000da        0x4 c:/program files/microchip/xc8/v3.10/avr/bin/../lib/gcc/avr/5.4.0/avrxmega3\libgcc.a(_exit.o)
 *(.fini0)
                0x00000000000000de                _etext = .

.data           0x0000000000803800        0x0 load address 0x00000000000000de
                [!provide]                        PROVIDE (__data_start, .)
 *(.gnu.linkonce.d*)
                0x0000000000803800                . = ALIGN (0x2)
                0x0000000000803800                _edata = .
                [!provide]                        PROVIDE (__data_end, .)

.bss            0x0000000000803800        0x2
                [!provide]                        PROVIDE (__bss_start, .)
 *(COMMON)
 COMMON         0x0000000000803800        0x2 c:/program files/microchip/xc8/v3.10/avr/bin/../lib/gcc/avr/5.4.0/../../../../avr/lib/avrxmega3\libc.a(errno.o)
                0x0000000000803800                __errno_val
                [!provide]                        PROVIDE (__bss_end, .)
                0x00000000000000de                __data_load_start = LOADADDR (.data)
                0x00000000000000de                __data_load_end = (__data_load_start + SIZEOF (.data))

.noinit         0x0000000000803802        0x0
                [!provide]                        PROVIDE (__noinit_start, .)
 *(.noinit*)
                [!provide]                        PROVIDE (__noinit_end, .)
                0x0000000000803802                _end = .

.eeprom         0x0000000000810000        0x0
 *(.eeprom*)
                0x0000000000810000                __eeprom_end = .

.fuse
 *(.fuse)
 *(.lfuse)
 *(.hfuse)
 *(.efuse)

.lock
 *(.lock*)

.signature
 *(.signature*)

.user_signatures
 *(.user_signatures*)

.bootrow
 *(.bootrow*)

.stab
 *(.stab)

.stabstr
 *(.stabstr)

.stab.excl
 *(.stab.excl)

.stab.exclstr
 *(.stab.exclstr)

.stab.index
 *(.stab.index)

.stab.indexstr
 *(.stab.indexstr)

.comment        0x0000000000000000       0x5b
 *(.comment)
 .comment       0x0000000000000000       0x2f build/default/debug/main.o
                                         0x30 (size before relaxing)
 .comment       0x000000000000002f       0x30 build/default/debug/GPIO.o
 .comment       0x000000000000002f       0x30 build/default/debug/stepper.o
 .comment       0x000000000000002f       0x30 build/default/debug/RTC.o
 .comment       0x000000000000002f       0x30 build/default/debug/ADC.o
 .comment       0x000000000000002f       0x30 build/default/debug/CLK.o
 .comment       0x000000000000002f       0x30 build/default/debug/LM35.o
 .comment       0x000000000000002f       0x30 build/default/debug/mt6701.o
 .comment       0x000000000000002f       0x30 build/default/debug/USART.o
 .comment       0x000000000000002f       0x30 build/default/debug/HM-10.o
 .comment       0x000000000000002f       0x30 build/default/debug/CRC.o
 .comment       0x000000000000002f       0x30 build/default/debug/WORK.o
 .comment       0x000000000000002f       0x30 build/default/debug/TCA.o
 .comment       0x000000000000002f       0x2c c:/program files/microchip/xc8/v3.10/avr/bin/../lib/gcc/avr/5.4.0/../../../../avr/lib/avrxmega3\libc.a(exit.o)
                                         0x2d (size before relaxing)
 .comment       0x000000000000005b       0x2d c:/program files/microchip/xc8/v3.10/avr/bin/../lib/gcc/avr/5.4.0/../../../../avr/lib/avrxmega3\libc.a(vsnprintf.o)
 .comment       0x000000000000005b       0x2d c:/program files/microchip/xc8/v3.10/avr/bin/../lib/gcc/avr/5.4.0/../../../../avr/lib/avrxmega3\libc.a(vfprintf.o)
 .comment       0x000000000000005b       0x2d c:/program files/microchip/xc8/v3.10/avr/bin/../lib/gcc/avr/5.4.0/../../../../avr/lib/avrxmega3\libc.a(strncmp.o)
 .comment       0x000000000000005b       0x2d c:/program files/microchip/xc8/v3.10/avr/bin/../lib/gcc/avr/5.4.0/../../../../avr/lib/avrxmega3\libc.a(errno.o)
 .comment       0x000000000000005b       0x2d c:/program files/microchip/xc8/v3.10/avr/bin/../lib/gcc/avr/5.4.0/../../../../avr/lib/avrxmega3\libc.a(_Exit.o)
 .comment       0x000000000000005b       0x2d c:/program files/microchip/xc8/v3.10/avr/bin/../lib/gcc/avr/5.4.0/../../../../avr/lib/avrxmega3\libc.a(__printf_core.o)
 .comment       0x000000000000005b       0x2d c:/program files/microchip/xc8/v3.10/avr/bin/../lib/gcc/avr/5.4.0/../../../../avr/lib/avrxmega3\libc.a(fputc.o)
 .comment       0x000000000000005b       0x2d c:/program files/microchip/xc8/v3.10/avr/bin/../lib/gcc/avr/5.4.0/../../../../avr/lib/avrxmega3\libc.a(__fmt_a.o)
 .comment       0x000000000000005b       0x2d c:/program files/microchip/xc8/v3.10/avr/bin/../lib/gcc/avr/5.4.0/../../../../avr/lib/avrxmega3\libc.a(__pop_float.o)
 .comment       0x000000000000005b       0x2d c:/program files/microchip/xc8/v3.10/avr/bin/../lib/gcc/avr/5.4.0/../../../../avr/lib/avrxmega3\libc.a(memset.o)
 .comment       0x000000000000005b       0x2d c:/program files/microchip/xc8/v3.10/avr/bin/../lib/gcc/avr/5.4.0/../../../../avr/lib/avrxmega3\libc.a(strcpy.o)
 .comment       0x000000000000005b       0x2d c:/program files/microchip/xc8/v3.10/avr/bin/../lib/gcc/avr/5.4.0/../../../../avr/lib/avrxmega3\libc.a(strlen.o)
 .comment       0x000000000000005b       0x2d c:/program files/microchip/xc8/v3.10/avr/bin/../lib/gcc/avr/5.4.0/../../../../avr/lib/avrxmega3\libc.a(__printf_64bit_arg_support.o)
 .comment       0x000000000000005b       0x2d c:/program files/microchip/xc8/v3.10/avr/bin/../lib/gcc/avr/5.4.0/../../../../avr/lib/avrxmega3\libc.a(tolower.o)
 .comment       0x000000000000005b       0x2d c:/program files/microchip/xc8/v3.10/avr/bin/../lib/gcc/avr/5.4.0/../../../../avr/lib/avrxmega3\libc.a(toupper.o)
 .comment       0x000000000000005b       0x2d c:/program files/microchip/xc8/v3.10/avr/bin/../lib/gcc/avr/5.4.0/../../../../avr/lib/avrxmega3\libc.a(__fmt_fp.o)
 .comment       0x000000000000005b       0x2d c:/program files/microchip/xc8/v3.10/avr/bin/../lib/gcc/avr/5.4.0/../../../../avr/lib/avrxmega3\libc.a(__fmt_s.o)
 .comment       0x000000000000005b       0x2d c:/program files/microchip/xc8/v3.10/avr/bin/../lib/gcc/avr/5.4.0/../../../../avr/lib/avrxmega3\libm.a(floorf.o)

.stack.descriptors.hdr
                0x0000000000000000      0x2bc
 .stack.descriptors.hdr
                0x0000000000000000        0xe c:/program files/microchip/xc8/v3.10/avr/bin/../lib/gcc/avr/5.4.0/avrxmega3\libgcc.a(_mulsi3.o)
 .stack.descriptors.hdr
                0x000000000000000e        0xe c:/program files/microchip/xc8/v3.10/avr/bin/../lib/gcc/avr/5.4.0/avrxmega3\libgcc.a(_udivmodsi4.o)
 .stack.descriptors.hdr
                0x000000000000001c        0xe c:/program files/microchip/xc8/v3.10/avr/bin/../lib/gcc/avr/5.4.0/avrxmega3\libgcc.a(_umulhisi3.o)
 .stack.descriptors.hdr
                0x000000000000002a        0xe c:/program files/microchip/xc8/v3.10/avr/bin/../lib/gcc/avr/5.4.0/avrxmega3\libgcc.a(_muluhisi3.o)
 .stack.descriptors.hdr
                0x0000000000000038        0xe c:/program files/microchip/xc8/v3.10/avr/bin/../lib/gcc/avr/5.4.0/../../../../avr/lib/avrxmega3\libc.a(exit.o)
 .stack.descriptors.hdr
                0x0000000000000046        0xe c:/program files/microchip/xc8/v3.10/avr/bin/../lib/gcc/avr/5.4.0/../../../../avr/lib/avrxmega3\libc.a(vsnprintf.o)
 .stack.descriptors.hdr
                0x0000000000000054        0xe c:/program files/microchip/xc8/v3.10/avr/bin/../lib/gcc/avr/5.4.0/../../../../avr/lib/avrxmega3\libc.a(vfprintf.o)
 .stack.descriptors.hdr
                0x0000000000000062        0xe c:/program files/microchip/xc8/v3.10/avr/bin/../lib/gcc/avr/5.4.0/../../../../avr/lib/avrxmega3\libc.a(strncmp.o)
 .stack.descriptors.hdr
                0x0000000000000070        0xe c:/program files/microchip/xc8/v3.10/avr/bin/../lib/gcc/avr/5.4.0/../../../../avr/lib/avrxmega3\libc.a(errno.o)
 .stack.descriptors.hdr
                0x000000000000007e        0xe c:/program files/microchip/xc8/v3.10/avr/bin/../lib/gcc/avr/5.4.0/../../../../avr/lib/avrxmega3\libc.a(_Exit.o)
 .stack.descriptors.hdr
                0x000000000000008c        0xe c:/program files/microchip/xc8/v3.10/avr/bin/../lib/gcc/avr/5.4.0/../../../../avr/lib/avrxmega3\libc.a(__printf_core.o)
 .stack.descriptors.hdr
                0x000000000000009a        0xe c:/program files/microchip/xc8/v3.10/avr/bin/../lib/gcc/avr/5.4.0/../../../../avr/lib/avrxmega3\libc.a(fputc.o)
 .stack.descriptors.hdr
                0x00000000000000a8        0xe c:/program files/microchip/xc8/v3.10/avr/bin/../lib/gcc/avr/5.4.0/../../../../avr/lib/avrxmega3\libc.a(__fmt_a.o)
 .stack.descriptors.hdr
                0x00000000000000b6        0xe c:/program files/microchip/xc8/v3.10/avr/bin/../lib/gcc/avr/5.4.0/../../../../avr/lib/avrxmega3\libc.a(__pop_float.o)
 .stack.descriptors.hdr
                0x00000000000000c4        0xe c:/program files/microchip/xc8/v3.10/avr/bin/../lib/gcc/avr/5.4.0/../../../../avr/lib/avrxmega3\libc.a(memset.o)
 .stack.descriptors.hdr
                0x00000000000000d2        0xe c:/program files/microchip/xc8/v3.10/avr/bin/../lib/gcc/avr/5.4.0/../../../../avr/lib/avrxmega3\libc.a(strcpy.o)
 .stack.descriptors.hdr
                0x00000000000000e0        0xe c:/program files/microchip/xc8/v3.10/avr/bin/../lib/gcc/avr/5.4.0/../../../../avr/lib/avrxmega3\libc.a(strlen.o)
 .stack.descriptors.hdr
                0x00000000000000ee        0xe c:/program files/microchip/xc8/v3.10/avr/bin/../lib/gcc/avr/5.4.0/../../../../avr/lib/avrxmega3\libc.a(__printf_64bit_arg_support.o)
 .stack.descriptors.hdr
                0x00000000000000fc        0xe c:/program files/microchip/xc8/v3.10/avr/bin/../lib/gcc/avr/5.4.0/../../../../avr/lib/avrxmega3\libc.a(tolower.o)
 .stack.descriptors.hdr
                0x000000000000010a        0xe c:/program files/microchip/xc8/v3.10/avr/bin/../lib/gcc/avr/5.4.0/../../../../avr/lib/avrxmega3\libc.a(toupper.o)
 .stack.descriptors.hdr
                0x0000000000000118        0xe c:/program files/microchip/xc8/v3.10/avr/bin/../lib/gcc/avr/5.4.0/../../../../avr/lib/avrxmega3\libc.a(__fmt_fp.o)
 .stack.descriptors.hdr
                0x0000000000000126        0xe c:/program files/microchip/xc8/v3.10/avr/bin/../lib/gcc/avr/5.4.0/../../../../avr/lib/avrxmega3\libc.a(__fmt_s.o)
 .stack.descriptors.hdr
                0x0000000000000134        0xe C:/Program Files/Microchip/MPLABX/v6.30/packs/Microchip/ATtiny_DFP/3.3.272/xc8/avr/lib/avrxmega3\libattiny1624.a(ccp_write.o)
 .stack.descriptors.hdr
                0x0000000000000142        0xe c:/program files/microchip/xc8/v3.10/avr/bin/../lib/gcc/avr/5.4.0/avrxmega3\libgcc.a(_divmodhi4.o)
 .stack.descriptors.hdr
                0x0000000000000150        0xe c:/program files/microchip/xc8/v3.10/avr/bin/../lib/gcc/avr/5.4.0/avrxmega3\libgcc.a(_exit.o)
 .stack.descriptors.hdr
                0x000000000000015e        0xe c:/program files/microchip/xc8/v3.10/avr/bin/../lib/gcc/avr/5.4.0/avrxmega3\libgcc.a(_udivdi3.o)
 .stack.descriptors.hdr
                0x000000000000016c        0xe c:/program files/microchip/xc8/v3.10/avr/bin/../lib/gcc/avr/5.4.0/avrxmega3\libgcc.a(_udivmod64.o)
 .stack.descriptors.hdr
                0x000000000000017a        0xe c:/program files/microchip/xc8/v3.10/avr/bin/../lib/gcc/avr/5.4.0/avrxmega3\libgcc.a(_negdi2.o)
 .stack.descriptors.hdr
                0x0000000000000188        0xe c:/program files/microchip/xc8/v3.10/avr/bin/../lib/gcc/avr/5.4.0/avrxmega3\libgcc.a(_ashrdi3.o)
 .stack.descriptors.hdr
                0x0000000000000196        0xe c:/program files/microchip/xc8/v3.10/avr/bin/../lib/gcc/avr/5.4.0/avrxmega3\libgcc.a(_cmpdi2_with_0.o)
 .stack.descriptors.hdr
                0x00000000000001a4        0xe c:/program files/microchip/xc8/v3.10/avr/bin/../lib/gcc/avr/5.4.0/avrxmega3\libgcc.a(_udivmodhi4.o)
 .stack.descriptors.hdr
                0x00000000000001b2        0xe c:/program files/microchip/xc8/v3.10/avr/bin/../lib/gcc/avr/5.4.0/../../../../avr/lib/avrxmega3\libm.a(addsf3.o)
 .stack.descriptors.hdr
                0x00000000000001c0        0xe c:/program files/microchip/xc8/v3.10/avr/bin/../lib/gcc/avr/5.4.0/../../../../avr/lib/avrxmega3\libm.a(addsf3x.o)
 .stack.descriptors.hdr
                0x00000000000001ce        0xe c:/program files/microchip/xc8/v3.10/avr/bin/../lib/gcc/avr/5.4.0/../../../../avr/lib/avrxmega3\libm.a(cmpsf2.o)
 .stack.descriptors.hdr
                0x00000000000001dc        0xe c:/program files/microchip/xc8/v3.10/avr/bin/../lib/gcc/avr/5.4.0/../../../../avr/lib/avrxmega3\libm.a(divsf3.o)
 .stack.descriptors.hdr
                0x00000000000001ea        0xe c:/program files/microchip/xc8/v3.10/avr/bin/../lib/gcc/avr/5.4.0/../../../../avr/lib/avrxmega3\libm.a(divsf3x.o)
 .stack.descriptors.hdr
                0x00000000000001f8        0xe c:/program files/microchip/xc8/v3.10/avr/bin/../lib/gcc/avr/5.4.0/../../../../avr/lib/avrxmega3\libm.a(fixsfsi.o)
 .stack.descriptors.hdr
                0x0000000000000206        0xe c:/program files/microchip/xc8/v3.10/avr/bin/../lib/gcc/avr/5.4.0/../../../../avr/lib/avrxmega3\libm.a(fixunssfsi.o)
 .stack.descriptors.hdr
                0x0000000000000214        0xe c:/program files/microchip/xc8/v3.10/avr/bin/../lib/gcc/avr/5.4.0/../../../../avr/lib/avrxmega3\libm.a(floorf.o)
 .stack.descriptors.hdr
                0x0000000000000222        0xe c:/program files/microchip/xc8/v3.10/avr/bin/../lib/gcc/avr/5.4.0/../../../../avr/lib/avrxmega3\libm.a(fp_cmp.o)
 .stack.descriptors.hdr
                0x0000000000000230        0xe c:/program files/microchip/xc8/v3.10/avr/bin/../lib/gcc/avr/5.4.0/../../../../avr/lib/avrxmega3\libm.a(fp_inf.o)
 .stack.descriptors.hdr
                0x000000000000023e        0xe c:/program files/microchip/xc8/v3.10/avr/bin/../lib/gcc/avr/5.4.0/../../../../avr/lib/avrxmega3\libm.a(fp_nan.o)
 .stack.descriptors.hdr
                0x000000000000024c        0xe c:/program files/microchip/xc8/v3.10/avr/bin/../lib/gcc/avr/5.4.0/../../../../avr/lib/avrxmega3\libm.a(fp_pscA.o)
 .stack.descriptors.hdr
                0x000000000000025a        0xe c:/program files/microchip/xc8/v3.10/avr/bin/../lib/gcc/avr/5.4.0/../../../../avr/lib/avrxmega3\libm.a(fp_pscB.o)
 .stack.descriptors.hdr
                0x0000000000000268        0xe c:/program files/microchip/xc8/v3.10/avr/bin/../lib/gcc/avr/5.4.0/../../../../avr/lib/avrxmega3\libm.a(fp_round.o)
 .stack.descriptors.hdr
                0x0000000000000276        0xe c:/program files/microchip/xc8/v3.10/avr/bin/../lib/gcc/avr/5.4.0/../../../../avr/lib/avrxmega3\libm.a(fp_split3.o)
 .stack.descriptors.hdr
                0x0000000000000284        0xe c:/program files/microchip/xc8/v3.10/avr/bin/../lib/gcc/avr/5.4.0/../../../../avr/lib/avrxmega3\libm.a(fp_zero.o)
 .stack.descriptors.hdr
                0x0000000000000292        0xe c:/program files/microchip/xc8/v3.10/avr/bin/../lib/gcc/avr/5.4.0/../../../../avr/lib/avrxmega3\libm.a(gesf2.o)
 .stack.descriptors.hdr
                0x00000000000002a0        0xe c:/program files/microchip/xc8/v3.10/avr/bin/../lib/gcc/avr/5.4.0/../../../../avr/lib/avrxmega3\libm.a(mulsf3.o)
 .stack.descriptors.hdr
                0x00000000000002ae        0xe c:/program files/microchip/xc8/v3.10/avr/bin/../lib/gcc/avr/5.4.0/../../../../avr/lib/avrxmega3\libm.a(mulsf3x.o)

.note.GNU-stack
                0x0000000000000000        0x0
 .note.GNU-stack
                0x0000000000000000        0x0 c:/program files/microchip/xc8/v3.10/avr/bin/../lib/gcc/avr/5.4.0/../../../../avr/lib/avrxmega3\libc.a(exit.o)
 .note.GNU-stack
                0x0000000000000000        0x0 c:/program files/microchip/xc8/v3.10/avr/bin/../lib/gcc/avr/5.4.0/../../../../avr/lib/avrxmega3\libc.a(vsnprintf.o)
 .note.GNU-stack
                0x0000000000000000        0x0 c:/program files/microchip/xc8/v3.10/avr/bin/../lib/gcc/avr/5.4.0/../../../../avr/lib/avrxmega3\libc.a(vfprintf.o)
 .note.GNU-stack
                0x0000000000000000        0x0 c:/program files/microchip/xc8/v3.10/avr/bin/../lib/gcc/avr/5.4.0/../../../../avr/lib/avrxmega3\libc.a(strncmp.o)
 .note.GNU-stack
                0x0000000000000000        0x0 c:/program files/microchip/xc8/v3.10/avr/bin/../lib/gcc/avr/5.4.0/../../../../avr/lib/avrxmega3\libc.a(errno.o)
 .note.GNU-stack
                0x0000000000000000        0x0 c:/program files/microchip/xc8/v3.10/avr/bin/../lib/gcc/avr/5.4.0/../../../../avr/lib/avrxmega3\libc.a(_Exit.o)
 .note.GNU-stack
                0x0000000000000000        0x0 c:/program files/microchip/xc8/v3.10/avr/bin/../lib/gcc/avr/5.4.0/../../../../avr/lib/avrxmega3\libc.a(__printf_core.o)
 .note.GNU-stack
                0x0000000000000000        0x0 c:/program files/microchip/xc8/v3.10/avr/bin/../lib/gcc/avr/5.4.0/../../../../avr/lib/avrxmega3\libc.a(fputc.o)
 .note.GNU-stack
                0x0000000000000000        0x0 c:/program files/microchip/xc8/v3.10/avr/bin/../lib/gcc/avr/5.4.0/../../../../avr/lib/avrxmega3\libc.a(__fmt_a.o)
 .note.GNU-stack
                0x0000000000000000        0x0 c:/program files/microchip/xc8/v3.10/avr/bin/../lib/gcc/avr/5.4.0/../../../../avr/lib/avrxmega3\libc.a(__pop_float.o)
 .note.GNU-stack
                0x0000000000000000        0x0 c:/program files/microchip/xc8/v3.10/avr/bin/../lib/gcc/avr/5.4.0/../../../../avr/lib/avrxmega3\libc.a(memset.o)
 .note.GNU-stack
                0x0000000000000000        0x0 c:/program files/microchip/xc8/v3.10/avr/bin/../lib/gcc/avr/5.4.0/../../../../avr/lib/avrxmega3\libc.a(strcpy.o)
 .note.GNU-stack
                0x0000000000000000        0x0 c:/program files/microchip/xc8/v3.10/avr/bin/../lib/gcc/avr/5.4.0/../../../../avr/lib/avrxmega3\libc.a(strlen.o)
 .note.GNU-stack
                0x0000000000000000        0x0 c:/program files/microchip/xc8/v3.10/avr/bin/../lib/gcc/avr/5.4.0/../../../../avr/lib/avrxmega3\libc.a(__printf_64bit_arg_support.o)
 .note.GNU-stack
                0x0000000000000000        0x0 c:/program files/microchip/xc8/v3.10/avr/bin/../lib/gcc/avr/5.4.0/../../../../avr/lib/avrxmega3\libc.a(tolower.o)
 .note.GNU-stack
                0x0000000000000000        0x0 c:/program files/microchip/xc8/v3.10/avr/bin/../lib/gcc/avr/5.4.0/../../../../avr/lib/avrxmega3\libc.a(toupper.o)
 .note.GNU-stack
                0x0000000000000000        0x0 c:/program files/microchip/xc8/v3.10/avr/bin/../lib/gcc/avr/5.4.0/../../../../avr/lib/avrxmega3\libc.a(__fmt_fp.o)
 .note.GNU-stack
                0x0000000000000000        0x0 c:/program files/microchip/xc8/v3.10/avr/bin/../lib/gcc/avr/5.4.0/../../../../avr/lib/avrxmega3\libc.a(__fmt_s.o)
 .note.GNU-stack
                0x0000000000000000        0x0 c:/program files/microchip/xc8/v3.10/avr/bin/../lib/gcc/avr/5.4.0/../../../../avr/lib/avrxmega3\libm.a(addsf3.o)
 .note.GNU-stack
                0x0000000000000000        0x0 c:/program files/microchip/xc8/v3.10/avr/bin/../lib/gcc/avr/5.4.0/../../../../avr/lib/avrxmega3\libm.a(addsf3x.o)
 .note.GNU-stack
                0x0000000000000000        0x0 c:/program files/microchip/xc8/v3.10/avr/bin/../lib/gcc/avr/5.4.0/../../../../avr/lib/avrxmega3\libm.a(cmpsf2.o)
 .note.GNU-stack
                0x0000000000000000        0x0 c:/program files/microchip/xc8/v3.10/avr/bin/../lib/gcc/avr/5.4.0/../../../../avr/lib/avrxmega3\libm.a(divsf3.o)
 .note.GNU-stack
                0x0000000000000000        0x0 c:/program files/microchip/xc8/v3.10/avr/bin/../lib/gcc/avr/5.4.0/../../../../avr/lib/avrxmega3\libm.a(divsf3x.o)
 .note.GNU-stack
                0x0000000000000000        0x0 c:/program files/microchip/xc8/v3.10/avr/bin/../lib/gcc/avr/5.4.0/../../../../avr/lib/avrxmega3\libm.a(fixsfsi.o)
 .note.GNU-stack
                0x0000000000000000        0x0 c:/program files/microchip/xc8/v3.10/avr/bin/../lib/gcc/avr/5.4.0/../../../../avr/lib/avrxmega3\libm.a(fixunssfsi.o)
 .note.GNU-stack
                0x0000000000000000        0x0 c:/program files/microchip/xc8/v3.10/avr/bin/../lib/gcc/avr/5.4.0/../../../../avr/lib/avrxmega3\libm.a(floorf.o)
 .note.GNU-stack
                0x0000000000000000        0x0 c:/program files/microchip/xc8/v3.10/avr/bin/../lib/gcc/avr/5.4.0/../../../../avr/lib/avrxmega3\libm.a(fp_cmp.o)
 .note.GNU-stack
                0x0000000000000000        0x0 c:/program files/microchip/xc8/v3.10/avr/bin/../lib/gcc/avr/5.4.0/../../../../avr/lib/avrxmega3\libm.a(fp_inf.o)
 .note.GNU-stack
                0x0000000000000000        0x0 c:/program files/microchip/xc8/v3.10/avr/bin/../lib/gcc/avr/5.4.0/../../../../avr/lib/avrxmega3\libm.a(fp_nan.o)
 .note.GNU-stack
                0x0000000000000000        0x0 c:/program files/microchip/xc8/v3.10/avr/bin/../lib/gcc/avr/5.4.0/../../../../avr/lib/avrxmega3\libm.a(fp_pscA.o)
 .note.GNU-stack
                0x0000000000000000        0x0 c:/program files/microchip/xc8/v3.10/avr/bin/../lib/gcc/avr/5.4.0/../../../../avr/lib/avrxmega3\libm.a(fp_pscB.o)
 .note.GNU-stack
                0x0000000000000000        0x0 c:/program files/microchip/xc8/v3.10/avr/bin/../lib/gcc/avr/5.4.0/../../../../avr/lib/avrxmega3\libm.a(fp_round.o)
 .note.GNU-stack
                0x0000000000000000        0x0 c:/program files/microchip/xc8/v3.10/avr/bin/../lib/gcc/avr/5.4.0/../../../../avr/lib/avrxmega3\libm.a(fp_split3.o)
 .note.GNU-stack
                0x0000000000000000        0x0 c:/program files/microchip/xc8/v3.10/avr/bin/../lib/gcc/avr/5.4.0/../../../../avr/lib/avrxmega3\libm.a(fp_zero.o)
 .note.GNU-stack
                0x0000000000000000        0x0 c:/program files/microchip/xc8/v3.10/avr/bin/../lib/gcc/avr/5.4.0/../../../../avr/lib/avrxmega3\libm.a(gesf2.o)
 .note.GNU-stack
                0x0000000000000000        0x0 c:/program files/microchip/xc8/v3.10/avr/bin/../lib/gcc/avr/5.4.0/../../../../avr/lib/avrxmega3\libm.a(mulsf3.o)
 .note.GNU-stack
                0x0000000000000000        0x0 c:/program files/microchip/xc8/v3.10/avr/bin/../lib/gcc/avr/5.4.0/../../../../avr/lib/avrxmega3\libm.a(mulsf3x.o)

.note.gnu.build-id
 *(.note.gnu.build-id)

.debug
 *(.debug)

.line
 *(.line)

.debug_srcinfo
 *(.debug_srcinfo)

.debug_sfnames
 *(.debug_sfnames)

.debug_aranges  0x0000000000000000      0x228
 *(.debug_aranges)
 .debug_aranges
                0x0000000000000000       0x20 build/default/debug/main.o
 .debug_aranges
                0x0000000000000020       0x20 build/default/debug/GPIO.o
 .debug_aranges
                0x0000000000000040       0x30 build/default/debug/stepper.o
 .debug_aranges
                0x0000000000000070       0x28 build/default/debug/RTC.o
 .debug_aranges
                0x0000000000000098       0x28 build/default/debug/ADC.o
 .debug_aranges
                0x00000000000000c0       0x20 build/default/debug/CLK.o
 .debug_aranges
                0x00000000000000e0       0x20 build/default/debug/LM35.o
 .debug_aranges
                0x0000000000000100       0x20 build/default/debug/mt6701.o
 .debug_aranges
                0x0000000000000120       0x40 build/default/debug/USART.o
 .debug_aranges
                0x0000000000000160       0x30 build/default/debug/HM-10.o
 .debug_aranges
                0x0000000000000190       0x28 build/default/debug/CRC.o
 .debug_aranges
                0x00000000000001b8       0x20 build/default/debug/WORK.o
 .debug_aranges
                0x00000000000001d8       0x30 build/default/debug/TCA.o
 .debug_aranges
                0x0000000000000208       0x20 C:/Program Files/Microchip/MPLABX/v6.30/packs/Microchip/ATtiny_DFP/3.3.272/xc8/avr/lib/avrxmega3\libattiny1624.a(ccp_write.o)

.debug_pubnames
 *(.debug_pubnames)

.debug_info     0x0000000000000000     0x800d
 *(.debug_info .gnu.linkonce.wi.*)
 .debug_info    0x0000000000000000     0x1b84 C:/Program Files/Microchip/MPLABX/v6.30/packs/Microchip/ATtiny_DFP/3.3.272/xc8/avr/lib/avrxmega3/crtattiny1624.o
 .debug_info    0x0000000000001b84      0x75a build/default/debug/main.o
 .debug_info    0x00000000000022de      0x51c build/default/debug/GPIO.o
 .debug_info    0x00000000000027fa      0xcf5 build/default/debug/stepper.o
 .debug_info    0x00000000000034ef      0x7b8 build/default/debug/RTC.o
 .debug_info    0x0000000000003ca7      0xbf0 build/default/debug/ADC.o
 .debug_info    0x0000000000004897      0x62f build/default/debug/CLK.o
 .debug_info    0x0000000000004ec6      0x483 build/default/debug/LM35.o
 .debug_info    0x0000000000005349      0x46e build/default/debug/mt6701.o
 .debug_info    0x00000000000057b7      0x878 build/default/debug/USART.o
 .debug_info    0x000000000000602f      0xbe4 build/default/debug/HM-10.o
 .debug_info    0x0000000000006c13      0x3c1 build/default/debug/CRC.o
 .debug_info    0x0000000000006fd4      0x3e2 build/default/debug/WORK.o
 .debug_info    0x00000000000073b6      0xbaa build/default/debug/TCA.o
 .debug_info    0x0000000000007f60       0xad C:/Program Files/Microchip/MPLABX/v6.30/packs/Microchip/ATtiny_DFP/3.3.272/xc8/avr/lib/avrxmega3\libattiny1624.a(ccp_write.o)

.debug_abbrev   0x0000000000000000     0x2848
 *(.debug_abbrev)
 .debug_abbrev  0x0000000000000000     0x1a0e C:/Program Files/Microchip/MPLABX/v6.30/packs/Microchip/ATtiny_DFP/3.3.272/xc8/avr/lib/avrxmega3/crtattiny1624.o
 .debug_abbrev  0x0000000000001a0e      0x10a build/default/debug/main.o
 .debug_abbrev  0x0000000000001b18       0xa2 build/default/debug/GPIO.o
 .debug_abbrev  0x0000000000001bba      0x1b6 build/default/debug/stepper.o
 .debug_abbrev  0x0000000000001d70      0x102 build/default/debug/RTC.o
 .debug_abbrev  0x0000000000001e72      0x113 build/default/debug/ADC.o
 .debug_abbrev  0x0000000000001f85       0xda build/default/debug/CLK.o
 .debug_abbrev  0x000000000000205f       0xe4 build/default/debug/LM35.o
 .debug_abbrev  0x0000000000002143       0xc3 build/default/debug/mt6701.o
 .debug_abbrev  0x0000000000002206      0x1af build/default/debug/USART.o
 .debug_abbrev  0x00000000000023b5      0x207 build/default/debug/HM-10.o
 .debug_abbrev  0x00000000000025bc       0xbb build/default/debug/CRC.o
 .debug_abbrev  0x0000000000002677       0x90 build/default/debug/WORK.o
 .debug_abbrev  0x0000000000002707      0x12d build/default/debug/TCA.o
 .debug_abbrev  0x0000000000002834       0x14 C:/Program Files/Microchip/MPLABX/v6.30/packs/Microchip/ATtiny_DFP/3.3.272/xc8/avr/lib/avrxmega3\libattiny1624.a(ccp_write.o)

.debug_line     0x0000000000000000     0x146c
 *(.debug_line .debug_line.* .debug_line_end)
 .debug_line    0x0000000000000000      0x14b C:/Program Files/Microchip/MPLABX/v6.30/packs/Microchip/ATtiny_DFP/3.3.272/xc8/avr/lib/avrxmega3/crtattiny1624.o
 .debug_line    0x000000000000014b      0x15a build/default/debug/main.o
 .debug_line    0x00000000000002a5      0x11d build/default/debug/GPIO.o
 .debug_line    0x00000000000003c2      0x1cb build/default/debug/stepper.o
 .debug_line    0x000000000000058d      0x13c build/default/debug/RTC.o
 .debug_line    0x00000000000006c9      0x16e build/default/debug/ADC.o
 .debug_line    0x0000000000000837      0x150 build/default/debug/CLK.o
 .debug_line    0x0000000000000987      0x11e build/default/debug/LM35.o
 .debug_line    0x0000000000000aa5      0x124 build/default/debug/mt6701.o
 .debug_line    0x0000000000000bc9      0x1f2 build/default/debug/USART.o
 .debug_line    0x0000000000000dbb      0x395 build/default/debug/HM-10.o
 .debug_line    0x0000000000001150       0xc4 build/default/debug/CRC.o
 .debug_line    0x0000000000001214       0xbd build/default/debug/WORK.o
 .debug_line    0x00000000000012d1      0x134 build/default/debug/TCA.o
 .debug_line    0x0000000000001405       0x67 C:/Program Files/Microchip/MPLABX/v6.30/packs/Microchip/ATtiny_DFP/3.3.272/xc8/avr/lib/avrxmega3\libattiny1624.a(ccp_write.o)

.debug_frame    0x0000000000000000      0x398
 *(.debug_frame)
 .debug_frame   0x0000000000000000       0x24 build/default/debug/main.o
 .debug_frame   0x0000000000000024       0x24 build/default/debug/GPIO.o
 .debug_frame   0x0000000000000048       0x50 build/default/debug/stepper.o
 .debug_frame   0x0000000000000098       0x40 build/default/debug/RTC.o
 .debug_frame   0x00000000000000d8       0x34 build/default/debug/ADC.o
 .debug_frame   0x000000000000010c       0x24 build/default/debug/CLK.o
 .debug_frame   0x0000000000000130       0x30 build/default/debug/LM35.o
 .debug_frame   0x0000000000000160       0x30 build/default/debug/mt6701.o
 .debug_frame   0x0000000000000190       0x94 build/default/debug/USART.o
 .debug_frame   0x0000000000000224       0xc4 build/default/debug/HM-10.o
 .debug_frame   0x00000000000002e8       0x3c build/default/debug/CRC.o
 .debug_frame   0x0000000000000324       0x24 build/default/debug/WORK.o
 .debug_frame   0x0000000000000348       0x50 build/default/debug/TCA.o

.debug_str      0x0000000000000000      0xd80
 *(.debug_str)
 .debug_str     0x0000000000000000      0xbcd C:/Program Files/Microchip/MPLABX/v6.30/packs/Microchip/ATtiny_DFP/3.3.272/xc8/avr/lib/avrxmega3/crtattiny1624.o
 .debug_str     0x0000000000000bcd       0x75 build/default/debug/main.o
 .debug_str     0x0000000000000c42        0x0 build/default/debug/GPIO.o
 .debug_str     0x0000000000000c42       0x52 build/default/debug/stepper.o
 .debug_str     0x0000000000000c94        0x0 build/default/debug/RTC.o
 .debug_str     0x0000000000000c94        0x0 build/default/debug/ADC.o
 .debug_str     0x0000000000000c94        0xd build/default/debug/CLK.o
 .debug_str     0x0000000000000ca1        0xa build/default/debug/LM35.o
 .debug_str     0x0000000000000cab        0xa build/default/debug/mt6701.o
 .debug_str     0x0000000000000cb5        0xa build/default/debug/USART.o
 .debug_str     0x0000000000000cbf       0x41 build/default/debug/HM-10.o
 .debug_str     0x0000000000000d00        0x0 build/default/debug/CRC.o
 .debug_str     0x0000000000000d00       0x2e build/default/debug/WORK.o
 .debug_str     0x0000000000000d2e       0x52 build/default/debug/TCA.o

.debug_loc      0x0000000000000000      0x971
 *(.debug_loc)
 .debug_loc     0x0000000000000000       0x88 build/default/debug/stepper.o
 .debug_loc     0x0000000000000088       0x2c build/default/debug/RTC.o
 .debug_loc     0x00000000000000b4       0x2d build/default/debug/ADC.o
 .debug_loc     0x00000000000000e1       0xa8 build/default/debug/USART.o
 .debug_loc     0x0000000000000189      0x5b6 build/default/debug/HM-10.o
 .debug_loc     0x000000000000073f      0x16e build/default/debug/CRC.o
 .debug_loc     0x00000000000008ad       0xc4 build/default/debug/TCA.o

.debug_macinfo
 *(.debug_macinfo)

.debug_weaknames
 *(.debug_weaknames)

.debug_funcnames
 *(.debug_funcnames)

.debug_typenames
 *(.debug_typenames)

.debug_varnames
 *(.debug_varnames)

.debug_pubtypes
 *(.debug_pubtypes)

.debug_ranges   0x0000000000000000      0x158
 *(.debug_ranges)
 .debug_ranges  0x0000000000000000       0x10 build/default/debug/main.o
 .debug_ranges  0x0000000000000010       0x10 build/default/debug/GPIO.o
 .debug_ranges  0x0000000000000020       0x20 build/default/debug/stepper.o
 .debug_ranges  0x0000000000000040       0x18 build/default/debug/RTC.o
 .debug_ranges  0x0000000000000058       0x18 build/default/debug/ADC.o
 .debug_ranges  0x0000000000000070       0x10 build/default/debug/CLK.o
 .debug_ranges  0x0000000000000080       0x10 build/default/debug/LM35.o
 .debug_ranges  0x0000000000000090       0x10 build/default/debug/mt6701.o
 .debug_ranges  0x00000000000000a0       0x30 build/default/debug/USART.o
 .debug_ranges  0x00000000000000d0       0x40 build/default/debug/HM-10.o
 .debug_ranges  0x0000000000000110       0x18 build/default/debug/CRC.o
 .debug_ranges  0x0000000000000128       0x10 build/default/debug/WORK.o
 .debug_ranges  0x0000000000000138       0x20 build/default/debug/TCA.o

.debug_macro
 *(.debug_macro)
OUTPUT(dist/default/debug/Attiny1624-Heater-Controller.X.debug.elf elf32-avr)
LOAD linker stubs
LOAD data_init

.note.gnu.avr.deviceinfo
                0x0000000000000000       0x40
 .note.gnu.avr.deviceinfo
                0x0000000000000000       0x40 C:/Program Files/Microchip/MPLABX/v6.30/packs/Microchip/ATtiny_DFP/3.3.272/xc8/avr/lib/avrxmega3/crtattiny1624.o

.bss.LM35       0x0000000000803812        0x4
 .bss.LM35      0x0000000000803812        0x4 build/default/debug/LM35.o
                0x0000000000803812                LM35

.bss.MT6701     0x0000000000803816        0x4
 .bss.MT6701    0x0000000000803816        0x4 build/default/debug/mt6701.o
                0x0000000000803816                MT6701

.text.__fmt_fp  0x00000000000000de      0x728
 .text.__fmt_fp
                0x00000000000000de      0x728 c:/program files/microchip/xc8/v3.10/avr/bin/../lib/gcc/avr/5.4.0/../../../../avr/lib/avrxmega3\libc.a(__fmt_fp.o)
                0x00000000000000de                __fmt_f_needed
                0x00000000000000de                __fmt_fp

.text.__fmt_a   0x0000000000000806      0x62a
 .text.__fmt_a  0x0000000000000806      0x62a c:/program files/microchip/xc8/v3.10/avr/bin/../lib/gcc/avr/5.4.0/../../../../avr/lib/avrxmega3\libc.a(__fmt_a.o)
                0x0000000000000806                __fmt_a_needed
                0x0000000000000806                __fmt_a

.text.vfpfcnvrt
                0x0000000000000e30      0x408
 .text.vfpfcnvrt
                0x0000000000000e30      0x408 c:/program files/microchip/xc8/v3.10/avr/bin/../lib/gcc/avr/5.4.0/../../../../avr/lib/avrxmega3\libc.a(__printf_64bit_arg_support.o)
                0x0000000000000e30                vfpfcnvrt

.text.BTDataSplitter
                0x0000000000001238      0x2de
 .text.BTDataSplitter
                0x0000000000001238      0x2de build/default/debug/HM-10.o
                0x0000000000001238                BTDataSplitter

.text.__fmt_x   0x0000000000001516      0x256
 .text.__fmt_x  0x0000000000001516      0x256 c:/program files/microchip/xc8/v3.10/avr/bin/../lib/gcc/avr/5.4.0/../../../../avr/lib/avrxmega3\libc.a(__printf_64bit_arg_support.o)
                0x0000000000001516                __fmt_x

.text.__fmt_d   0x000000000000176c      0x174
 .text.__fmt_d  0x000000000000176c      0x174 c:/program files/microchip/xc8/v3.10/avr/bin/../lib/gcc/avr/5.4.0/../../../../avr/lib/avrxmega3\libc.a(__printf_64bit_arg_support.o)
                0x000000000000176c                __fmt_d

.text.__pop_int
                0x00000000000018e0      0x172
 .text.__pop_int
                0x00000000000018e0      0x172 c:/program files/microchip/xc8/v3.10/avr/bin/../lib/gcc/avr/5.4.0/../../../../avr/lib/avrxmega3\libc.a(__printf_64bit_arg_support.o)
                0x00000000000018e0                __pop_int

.text.__cvt_u   0x0000000000001a52      0x146
 .text.__cvt_u  0x0000000000001a52      0x146 c:/program files/microchip/xc8/v3.10/avr/bin/../lib/gcc/avr/5.4.0/../../../../avr/lib/avrxmega3\libc.a(__printf_64bit_arg_support.o)
                0x0000000000001a52                __cvt_u

.rodata.crc8_table
                0x0000000000809b98      0x100 load address 0x0000000000001b98
 .rodata.crc8_table
                0x0000000000809b98      0x100 build/default/debug/CRC.o
                0x0000000000809b98                crc8_table

.text.floorf    0x0000000000001c98       0xe8
 .text.floorf   0x0000000000001c98       0xe8 c:/program files/microchip/xc8/v3.10/avr/bin/../lib/gcc/avr/5.4.0/../../../../avr/lib/avrxmega3\libm.a(floorf.o)
                0x0000000000001c98                floorf

.text           0x0000000000001d80       0xde
 .text          0x0000000000001d80       0xde c:/program files/microchip/xc8/v3.10/avr/bin/../lib/gcc/avr/5.4.0/../../../../avr/lib/avrxmega3\libm.a(divsf3x.o)
                0x0000000000001d80                __divsf3x
                0x0000000000001da8                __divsf3_pse

.text.__pop_ptr
                0x0000000000001e5e       0xd8
 .text.__pop_ptr
                0x0000000000001e5e       0xd8 c:/program files/microchip/xc8/v3.10/avr/bin/../lib/gcc/avr/5.4.0/../../../../avr/lib/avrxmega3\libc.a(__printf_64bit_arg_support.o)
                0x0000000000001e5e                __pop_ptr

.text           0x0000000000001f36       0xd4
 .text          0x0000000000001f36       0xd4 c:/program files/microchip/xc8/v3.10/avr/bin/../lib/gcc/avr/5.4.0/../../../../avr/lib/avrxmega3\libm.a(mulsf3x.o)
                0x0000000000001f36                __mulsf3x
                0x0000000000001f5c                __mulsf3_pse

.text.__fmt_o   0x000000000000200a       0xd2
 .text.__fmt_o  0x000000000000200a       0xd2 c:/program files/microchip/xc8/v3.10/avr/bin/../lib/gcc/avr/5.4.0/../../../../avr/lib/avrxmega3\libc.a(__printf_64bit_arg_support.o)
                0x000000000000200a                __fmt_o

.text           0x00000000000020dc       0xce
 .text          0x00000000000020dc       0xce c:/program files/microchip/xc8/v3.10/avr/bin/../lib/gcc/avr/5.4.0/../../../../avr/lib/avrxmega3\libm.a(addsf3x.o)
                0x00000000000020dc                __addsf3x

.rodata         0x000000000080a1aa       0xba load address 0x00000000000021aa
 .rodata        0x000000000080a1aa       0xba build/default/debug/HM-10.o

.text.__fmt_u   0x0000000000002264       0xae
 .text.__fmt_u  0x0000000000002264       0xae c:/program files/microchip/xc8/v3.10/avr/bin/../lib/gcc/avr/5.4.0/../../../../avr/lib/avrxmega3\libc.a(__printf_64bit_arg_support.o)
                0x0000000000002264                __fmt_u

.text.libgcc.div
                0x0000000000002312       0xa2
 .text.libgcc.div
                0x0000000000002312       0xa2 c:/program files/microchip/xc8/v3.10/avr/bin/../lib/gcc/avr/5.4.0/avrxmega3\libgcc.a(_udivmod64.o)
                0x0000000000002312                __udivmod64

.text.fputc     0x00000000000023b4       0x98
 .text.fputc    0x00000000000023b4       0x98 c:/program files/microchip/xc8/v3.10/avr/bin/../lib/gcc/avr/5.4.0/../../../../avr/lib/avrxmega3\libc.a(fputc.o)
                0x00000000000023b4                fputc
                0x00000000000023b4                putc

.text.StepperStep
                0x000000000000244c       0x96
 .text.StepperStep
                0x000000000000244c       0x96 build/default/debug/stepper.o
                0x000000000000244c                StepperStep

.text.vsnprintf
                0x00000000000024e2       0x84
 .text.vsnprintf
                0x00000000000024e2       0x84 c:/program files/microchip/xc8/v3.10/avr/bin/../lib/gcc/avr/5.4.0/../../../../avr/lib/avrxmega3\libc.a(vsnprintf.o)
                0x00000000000024e2                vsnprintf

.text.__pad     0x0000000000002566       0x72
 .text.__pad    0x0000000000002566       0x72 c:/program files/microchip/xc8/v3.10/avr/bin/../lib/gcc/avr/5.4.0/../../../../avr/lib/avrxmega3\libc.a(__printf_core.o)
                0x0000000000002566                __pad

.text.__printf_core
                0x00000000000025d8       0x68
 .text.__printf_core
                0x00000000000025d8       0x68 c:/program files/microchip/xc8/v3.10/avr/bin/../lib/gcc/avr/5.4.0/../../../../avr/lib/avrxmega3\libc.a(__printf_core.o)
                0x00000000000025d8                __printf_core

.text.BLTReceiver
                0x0000000000002640       0x66
 .text.BLTReceiver
                0x0000000000002640       0x66 build/default/debug/HM-10.o
                0x0000000000002640                BLTReceiver

.text           0x00000000000026a6       0x5e
 .text          0x00000000000026a6       0x5e c:/program files/microchip/xc8/v3.10/avr/bin/../lib/gcc/avr/5.4.0/../../../../avr/lib/avrxmega3\libm.a(fixunssfsi.o)
                0x00000000000026a6                __fixunssfsi

.text.read_prec_or_width
                0x0000000000002704       0x5c
 .text.read_prec_or_width
                0x0000000000002704       0x5c c:/program files/microchip/xc8/v3.10/avr/bin/../lib/gcc/avr/5.4.0/../../../../avr/lib/avrxmega3\libc.a(__printf_64bit_arg_support.o)

.text.__fmt_s   0x0000000000002760       0x54
 .text.__fmt_s  0x0000000000002760       0x54 c:/program files/microchip/xc8/v3.10/avr/bin/../lib/gcc/avr/5.4.0/../../../../avr/lib/avrxmega3\libc.a(__fmt_s.o)
                0x0000000000002760                __fmt_s
                0x0000000000002760                __fmt_0_needed
                0x0000000000002760                __fmt_s_needed

.text.main      0x00000000000027b4       0x48
 .text.main     0x00000000000027b4       0x48 build/default/debug/main.o
                0x00000000000027b4                main

.text           0x00000000000027fc       0x48
 .text          0x00000000000027fc       0x48 c:/program files/microchip/xc8/v3.10/avr/bin/../lib/gcc/avr/5.4.0/../../../../avr/lib/avrxmega3\libm.a(fp_cmp.o)
                0x00000000000027fc                __fp_cmp

.text.USART0_sendString
                0x0000000000002844       0x44
 .text.USART0_sendString
                0x0000000000002844       0x44 build/default/debug/USART.o
                0x0000000000002844                USART0_sendString

.text.libgcc.div
                0x0000000000002888       0x44
 .text.libgcc.div
                0x0000000000002888       0x44 c:/program files/microchip/xc8/v3.10/avr/bin/../lib/gcc/avr/5.4.0/avrxmega3\libgcc.a(_udivmodsi4.o)
                0x0000000000002888                __udivmodsi4

.text           0x00000000000028cc       0x44
 .text          0x00000000000028cc       0x44 c:/program files/microchip/xc8/v3.10/avr/bin/../lib/gcc/avr/5.4.0/../../../../avr/lib/avrxmega3\libm.a(fp_split3.o)
                0x00000000000028cc                __fp_split3
                0x00000000000028dc                __fp_splitA

.text.ADC0_Read
                0x0000000000002910       0x40
 .text.ADC0_Read
                0x0000000000002910       0x40 build/default/debug/ADC.o
                0x0000000000002910                ADC0_Read

.text.USART_printf
                0x0000000000002950       0x40
 .text.USART_printf
                0x0000000000002950       0x40 build/default/debug/USART.o
                0x0000000000002950                USART_printf

.text.__fmt_state
                0x0000000000002990       0x40
 .text.__fmt_state
                0x0000000000002990       0x40 c:/program files/microchip/xc8/v3.10/avr/bin/../lib/gcc/avr/5.4.0/../../../../avr/lib/avrxmega3\libc.a(__printf_core.o)
                0x0000000000002990                __fmt_state

.text.__pop_float
                0x00000000000029d0       0x40
 .text.__pop_float
                0x00000000000029d0       0x40 c:/program files/microchip/xc8/v3.10/avr/bin/../lib/gcc/avr/5.4.0/../../../../avr/lib/avrxmega3\libc.a(__pop_float.o)
                0x00000000000029d0                __pop_float_needed
                0x00000000000029d0                __pop_float

.text.strncmp   0x0000000000002a10       0x3e
 .text.strncmp  0x0000000000002a10       0x3e c:/program files/microchip/xc8/v3.10/avr/bin/../lib/gcc/avr/5.4.0/../../../../avr/lib/avrxmega3\libc.a(strncmp.o)
                0x0000000000002a10                strncmp

.text.libgcc.builtins
                0x0000000000002a4e       0x3c
 .text.libgcc.builtins
                0x0000000000002a4e       0x3c c:/program files/microchip/xc8/v3.10/avr/bin/../lib/gcc/avr/5.4.0/avrxmega3\libgcc.a(_ashrdi3.o)
                0x0000000000002a4e                __ashrdi3
                0x0000000000002a52                __lshrdi3

.text.TCA0_ON   0x0000000000002a8a       0x3a
 .text.TCA0_ON  0x0000000000002a8a       0x3a build/default/debug/TCA.o
                0x0000000000002a8a                TCA0_ON

.text.__out     0x0000000000002ac4       0x3a
 .text.__out    0x0000000000002ac4       0x3a c:/program files/microchip/xc8/v3.10/avr/bin/../lib/gcc/avr/5.4.0/../../../../avr/lib/avrxmega3\libc.a(__printf_core.o)
                0x0000000000002ac4                __out

.text.GPIO_init
                0x0000000000002afe       0x32
 .text.GPIO_init
                0x0000000000002afe       0x32 build/default/debug/GPIO.o
                0x0000000000002afe                GPIO_init

.text.MT6701_Read
                0x0000000000002b30       0x32
 .text.MT6701_Read
                0x0000000000002b30       0x32 build/default/debug/mt6701.o
                0x0000000000002b30                MT6701_Read

.text.libgcc.prologue
                0x0000000000002b62       0x32
 .text.libgcc.prologue
                0x0000000000002b62       0x32 c:/program files/microchip/xc8/v3.10/avr/bin/../lib/gcc/avr/5.4.0/avrxmega3\libgcc.a(_prologue.o)
                0x0000000000002b62                __prologue_saves__

.text.crc8_cdma2000
                0x0000000000002b94       0x30
 .text.crc8_cdma2000
                0x0000000000002b94       0x30 build/default/debug/CRC.o
                0x0000000000002b94                crc8_cdma2000

.text.vfprintf  0x0000000000002bc4       0x30
 .text.vfprintf
                0x0000000000002bc4       0x30 c:/program files/microchip/xc8/v3.10/avr/bin/../lib/gcc/avr/5.4.0/../../../../avr/lib/avrxmega3\libc.a(vfprintf.o)
                0x0000000000002bc4                vfprintf

.text.libgcc.prologue
                0x0000000000002bf4       0x30
 .text.libgcc.prologue
                0x0000000000002bf4       0x30 c:/program files/microchip/xc8/v3.10/avr/bin/../lib/gcc/avr/5.4.0/avrxmega3\libgcc.a(_epilogue.o)
                0x0000000000002bf4                __epilogue_restores__

.text.libgcc.div
                0x0000000000002c24       0x28
 .text.libgcc.div
                0x0000000000002c24       0x28 c:/program files/microchip/xc8/v3.10/avr/bin/../lib/gcc/avr/5.4.0/avrxmega3\libgcc.a(_divmodhi4.o)
                0x0000000000002c24                _div
                0x0000000000002c24                __divmodhi4

.text.libgcc.div
                0x0000000000002c4c       0x28
 .text.libgcc.div
                0x0000000000002c4c       0x28 c:/program files/microchip/xc8/v3.10/avr/bin/../lib/gcc/avr/5.4.0/avrxmega3\libgcc.a(_udivmodhi4.o)
                0x0000000000002c4c                __udivmodhi4

.text.ADC0_init
                0x0000000000002c74       0x22
 .text.ADC0_init
                0x0000000000002c74       0x22 build/default/debug/ADC.o
                0x0000000000002c74                ADC0_init

.text.LM35_Read
                0x0000000000002c96       0x22
 .text.LM35_Read
                0x0000000000002c96       0x22 build/default/debug/LM35.o
                0x0000000000002c96                LM35_Read

.text           0x0000000000002cb8       0x22
 .text          0x0000000000002cb8       0x22 c:/program files/microchip/xc8/v3.10/avr/bin/../lib/gcc/avr/5.4.0/../../../../avr/lib/avrxmega3\libm.a(fp_round.o)
                0x0000000000002cb8                __fp_round

.text.CLOCK_INHF_clock_init
                0x0000000000002cda       0x20
 .text.CLOCK_INHF_clock_init
                0x0000000000002cda       0x20 build/default/debug/CLK.o
                0x0000000000002cda                CLOCK_INHF_clock_init

.text.libgcc.mul
                0x0000000000002cfa       0x20
 .text.libgcc.mul
                0x0000000000002cfa       0x20 c:/program files/microchip/xc8/v3.10/avr/bin/../lib/gcc/avr/5.4.0/avrxmega3\libgcc.a(_mulsi3.o)
                0x0000000000002cfa                __mulsi3

.text.libgcc    0x0000000000002d1a       0x20
 .text.libgcc   0x0000000000002d1a       0x20 c:/program files/microchip/xc8/v3.10/avr/bin/../lib/gcc/avr/5.4.0/avrxmega3\libgcc.a(_negdi2.o)
                0x0000000000002d1a                __negdi2

.text.libgcc.mul
                0x0000000000002d3a       0x1e
 .text.libgcc.mul
                0x0000000000002d3a       0x1e c:/program files/microchip/xc8/v3.10/avr/bin/../lib/gcc/avr/5.4.0/avrxmega3\libgcc.a(_umulhisi3.o)
                0x0000000000002d3a                __umulhisi3

.text.WorkingMode
                0x0000000000002d58       0x1c
 .text.WorkingMode
                0x0000000000002d58       0x1c build/default/debug/WORK.o
                0x0000000000002d58                WorkingMode

.text.strlen    0x0000000000002d74       0x1c
 .text.strlen   0x0000000000002d74       0x1c c:/program files/microchip/xc8/v3.10/avr/bin/../lib/gcc/avr/5.4.0/../../../../avr/lib/avrxmega3\libc.a(strlen.o)
                0x0000000000002d74                strlen

.text.libgcc.div
                0x0000000000002d90       0x1c
 .text.libgcc.div
                0x0000000000002d90       0x1c c:/program files/microchip/xc8/v3.10/avr/bin/../lib/gcc/avr/5.4.0/avrxmega3\libgcc.a(_udivdi3.o)
                0x0000000000002d90                __umoddi3
                0x0000000000002d94                __udivdi3
                0x0000000000002d96                __udivdi3_umoddi3

.text.USART0_init
                0x0000000000002dac       0x16
 .text.USART0_init
                0x0000000000002dac       0x16 build/default/debug/USART.o
                0x0000000000002dac                USART0_init

.text.USART0_readChar
                0x0000000000002dc2       0x16
 .text.USART0_readChar
                0x0000000000002dc2       0x16 build/default/debug/USART.o
                0x0000000000002dc2                USART0_readChar

.text.libgcc.mul
                0x0000000000002dd8       0x16
 .text.libgcc.mul
                0x0000000000002dd8       0x16 c:/program files/microchip/xc8/v3.10/avr/bin/../lib/gcc/avr/5.4.0/avrxmega3\libgcc.a(_muluhisi3.o)
                0x0000000000002dd8                __muluhisi3

.text.exit      0x0000000000002dee       0x16
 .text.exit     0x0000000000002dee       0x16 c:/program files/microchip/xc8/v3.10/avr/bin/../lib/gcc/avr/5.4.0/../../../../avr/lib/avrxmega3\libc.a(exit.o)
                0x0000000000002dee                exit

.rodata.state_table
                0x000000000080ae04       0x16 load address 0x0000000000002e04
 .rodata.state_table
                0x000000000080ae04       0x16 c:/program files/microchip/xc8/v3.10/avr/bin/../lib/gcc/avr/5.4.0/../../../../avr/lib/avrxmega3\libc.a(__printf_core.o)

.text.Stepper_enable
                0x0000000000002e1a       0x14
 .text.Stepper_enable
                0x0000000000002e1a       0x14 build/default/debug/stepper.o
                0x0000000000002e1a                Stepper_enable

.text.StepperDir
                0x0000000000002e2e       0x14
 .text.StepperDir
                0x0000000000002e2e       0x14 build/default/debug/stepper.o
                0x0000000000002e2e                StepperDir

.text.RTC_OFF   0x0000000000002e42       0x12
 .text.RTC_OFF  0x0000000000002e42       0x12 build/default/debug/RTC.o
                0x0000000000002e42                RTC_OFF

.text.Bluetooth_init
                0x0000000000002e54       0x12
 .text.Bluetooth_init
                0x0000000000002e54       0x12 build/default/debug/HM-10.o
                0x0000000000002e54                Bluetooth_init

.text.memset    0x0000000000002e66       0x12
 .text.memset   0x0000000000002e66       0x12 c:/program files/microchip/xc8/v3.10/avr/bin/../lib/gcc/avr/5.4.0/../../../../avr/lib/avrxmega3\libc.a(memset.o)
                0x0000000000002e66                memset

.text.toupper   0x0000000000002e78       0x12
 .text.toupper  0x0000000000002e78       0x12 c:/program files/microchip/xc8/v3.10/avr/bin/../lib/gcc/avr/5.4.0/../../../../avr/lib/avrxmega3\libc.a(toupper.o)
                0x0000000000002e78                toupper

.text.libgcc    0x0000000000002e8a       0x12
 .text.libgcc   0x0000000000002e8a       0x12 c:/program files/microchip/xc8/v3.10/avr/bin/../lib/gcc/avr/5.4.0/avrxmega3\libgcc.a(_cmpdi2_with_0.o)
                0x0000000000002e8a                __cmpdi2_with_0

.text.USART0_sendChar
                0x0000000000002e9c       0x10
 .text.USART0_sendChar
                0x0000000000002e9c       0x10 build/default/debug/USART.o
                0x0000000000002e9c                USART0_sendChar

.rodata         0x000000000080aeac       0x10 load address 0x0000000000002eac
 .rodata        0x000000000080aeac       0x10 c:/program files/microchip/xc8/v3.10/avr/bin/../lib/gcc/avr/5.4.0/../../../../avr/lib/avrxmega3\libc.a(__fmt_a.o)

.text.strcpy    0x0000000000002ebc       0x10
 .text.strcpy   0x0000000000002ebc       0x10 c:/program files/microchip/xc8/v3.10/avr/bin/../lib/gcc/avr/5.4.0/../../../../avr/lib/avrxmega3\libc.a(strcpy.o)
                0x0000000000002ebc                strcpy

.text.tolower   0x0000000000002ecc       0x10
 .text.tolower  0x0000000000002ecc       0x10 c:/program files/microchip/xc8/v3.10/avr/bin/../lib/gcc/avr/5.4.0/../../../../avr/lib/avrxmega3\libc.a(tolower.o)
                0x0000000000002ecc                tolower

.rodata         0x000000000080aedc       0x10 load address 0x0000000000002edc
 .rodata        0x000000000080aedc       0x10 c:/program files/microchip/xc8/v3.10/avr/bin/../lib/gcc/avr/5.4.0/../../../../avr/lib/avrxmega3\libc.a(__fmt_fp.o)

.text           0x0000000000002eec        0xe
 .text          0x0000000000002eec        0xe c:/program files/microchip/xc8/v3.10/avr/bin/../lib/gcc/avr/5.4.0/../../../../avr/lib/avrxmega3\libm.a(addsf3.o)
                0x0000000000002eec                __subsf3
                0x0000000000002eee                __addsf3

.text           0x0000000000002efa        0xe
 .text          0x0000000000002efa        0xe c:/program files/microchip/xc8/v3.10/avr/bin/../lib/gcc/avr/5.4.0/../../../../avr/lib/avrxmega3\libm.a(fixsfsi.o)
                0x0000000000002efa                __fixsfsi

.text           0x0000000000002f08        0xe
 .text          0x0000000000002f08        0xe c:/program files/microchip/xc8/v3.10/avr/bin/../lib/gcc/avr/5.4.0/../../../../avr/lib/avrxmega3\libm.a(fp_pscA.o)
                0x0000000000002f08                __fp_pscA

.text           0x0000000000002f16        0xe
 .text          0x0000000000002f16        0xe c:/program files/microchip/xc8/v3.10/avr/bin/../lib/gcc/avr/5.4.0/../../../../avr/lib/avrxmega3\libm.a(fp_pscB.o)
                0x0000000000002f16                __fp_pscB

.text           0x0000000000002f24        0xe
 .text          0x0000000000002f24        0xe c:/program files/microchip/xc8/v3.10/avr/bin/../lib/gcc/avr/5.4.0/../../../../avr/lib/avrxmega3\libm.a(fp_zero.o)
                0x0000000000002f24                __fp_zero
                0x0000000000002f26                __fp_szero

.text.TCA0_init
                0x0000000000002f32        0xc
 .text.TCA0_init
                0x0000000000002f32        0xc build/default/debug/TCA.o
                0x0000000000002f32                TCA0_init

.text.avrlibc   0x0000000000002f3e        0xc
 .text.avrlibc  0x0000000000002f3e        0xc C:/Program Files/Microchip/MPLABX/v6.30/packs/Microchip/ATtiny_DFP/3.3.272/xc8/avr/lib/avrxmega3\libattiny1624.a(ccp_write.o)
                0x0000000000002f3e                ccp_write_io

.text           0x0000000000002f4a        0xc
 .text          0x0000000000002f4a        0xc c:/program files/microchip/xc8/v3.10/avr/bin/../lib/gcc/avr/5.4.0/../../../../avr/lib/avrxmega3\libm.a(fp_inf.o)
                0x0000000000002f4a                __fp_inf

.text           0x0000000000002f56        0xa
 .text          0x0000000000002f56        0xa c:/program files/microchip/xc8/v3.10/avr/bin/../lib/gcc/avr/5.4.0/../../../../avr/lib/avrxmega3\libm.a(cmpsf2.o)
                0x0000000000002f56                __nesf2
                0x0000000000002f56                __eqsf2
                0x0000000000002f56                __cmpsf2
                0x0000000000002f56                __ltsf2
                0x0000000000002f56                __lesf2

.text           0x0000000000002f60        0xa
 .text          0x0000000000002f60        0xa c:/program files/microchip/xc8/v3.10/avr/bin/../lib/gcc/avr/5.4.0/../../../../avr/lib/avrxmega3\libm.a(gesf2.o)
                0x0000000000002f60                __gesf2
                0x0000000000002f60                __gtsf2

.text           0x0000000000002f6a        0x8
 .text          0x0000000000002f6a        0x8 c:/program files/microchip/xc8/v3.10/avr/bin/../lib/gcc/avr/5.4.0/../../../../avr/lib/avrxmega3\libm.a(divsf3.o)
                0x0000000000002f6a                __divsf3

.text           0x0000000000002f72        0x8
 .text          0x0000000000002f72        0x8 c:/program files/microchip/xc8/v3.10/avr/bin/../lib/gcc/avr/5.4.0/../../../../avr/lib/avrxmega3\libm.a(mulsf3.o)
                0x0000000000002f72                __mulsf3

.rodata.nuls.2781
                0x000000000080af7a        0x7 load address 0x0000000000002f7a
 .rodata.nuls.2781
                0x000000000080af7a        0x7 c:/program files/microchip/xc8/v3.10/avr/bin/../lib/gcc/avr/5.4.0/../../../../avr/lib/avrxmega3\libc.a(__fmt_s.o)

.rodata.nilstr.3022
                0x000000000080af81        0x6 load address 0x0000000000002f81
 .rodata.nilstr.3022
                0x000000000080af81        0x6 c:/program files/microchip/xc8/v3.10/avr/bin/../lib/gcc/avr/5.4.0/../../../../avr/lib/avrxmega3\libc.a(__printf_64bit_arg_support.o)

.text           0x0000000000002f88        0x6
 .text          0x0000000000002f88        0x6 c:/program files/microchip/xc8/v3.10/avr/bin/../lib/gcc/avr/5.4.0/../../../../avr/lib/avrxmega3\libm.a(fp_nan.o)
                0x0000000000002f88                __fp_nan

.text           0x0000000000002f8e        0x4
 .text          0x0000000000002f8e        0x4 C:/Program Files/Microchip/MPLABX/v6.30/packs/Microchip/ATtiny_DFP/3.3.272/xc8/avr/lib/avrxmega3/crtattiny1624.o
                0x0000000000002f8e                __vector_22
                0x0000000000002f8e                __vector_28
                0x0000000000002f8e                __vector_1
                0x0000000000002f8e                __vector_24
                0x0000000000002f8e                __vector_12
                0x0000000000002f8e                __bad_interrupt
                0x0000000000002f8e                __vector_6
                0x0000000000002f8e                __vector_3
                0x0000000000002f8e                __vector_23
                0x0000000000002f8e                __vector_25
                0x0000000000002f8e                __vector_11
                0x0000000000002f8e                __vector_13
                0x0000000000002f8e                __vector_17
                0x0000000000002f8e                __vector_19
                0x0000000000002f8e                __vector_7
                0x0000000000002f8e                __vector_27
                0x0000000000002f8e                __vector_5
                0x0000000000002f8e                __vector_4
                0x0000000000002f8e                __vector_9
                0x0000000000002f8e                __vector_2
                0x0000000000002f8e                __vector_21
                0x0000000000002f8e                __vector_15
                0x0000000000002f8e                __vector_29
                0x0000000000002f8e                __vector_8
                0x0000000000002f8e                __vector_26
                0x0000000000002f8e                __vector_14
                0x0000000000002f8e                __vector_10
                0x0000000000002f8e                __vector_16
                0x0000000000002f8e                __vector_18
                0x0000000000002f8e                __vector_20

.text._Exit     0x0000000000002f92        0x4
 .text._Exit    0x0000000000002f92        0x4 c:/program files/microchip/xc8/v3.10/avr/bin/../lib/gcc/avr/5.4.0/../../../../avr/lib/avrxmega3\libc.a(_Exit.o)
                0x0000000000002f92                _Exit

.text.__dummy_fini
                0x0000000000002f96        0x2
 .text.__dummy_fini
                0x0000000000002f96        0x2 c:/program files/microchip/xc8/v3.10/avr/bin/../lib/gcc/avr/5.4.0/../../../../avr/lib/avrxmega3\libc.a(exit.o)
                0x0000000000002f96                _fini

.text.__dummy_funcs_on_exit
                0x0000000000002f98        0x2
 .text.__dummy_funcs_on_exit
                0x0000000000002f98        0x2 c:/program files/microchip/xc8/v3.10/avr/bin/../lib/gcc/avr/5.4.0/../../../../avr/lib/avrxmega3\libc.a(exit.o)
                0x0000000000002f98                __funcs_on_exit

.text.__dummy_simulator_exit
                0x0000000000002f9a        0x2
 .text.__dummy_simulator_exit
                0x0000000000002f9a        0x2 c:/program files/microchip/xc8/v3.10/avr/bin/../lib/gcc/avr/5.4.0/../../../../avr/lib/avrxmega3\libc.a(exit.o)
                0x0000000000002f9a                __simulator_exit

.data.Motor     0x0000000000803802        0x8 load address 0x0000000000002f9c
 .data.Motor    0x0000000000803802        0x8 build/default/debug/stepper.o
                0x0000000000803802                Motor

.data.WORK      0x000000000080380a        0x8 load address 0x0000000000002fa4
 .data.WORK     0x000000000080380a        0x8 build/default/debug/WORK.o
                0x000000000080380a                WORK
